border_size=1
usage=map

Gs^Fp       ,Gs^Fp       , Gs^Fp       , Gs^Fp       , Gs^Fp       , Gg          , Gg          , Gg          , Gg          , Gg          , Gg          , Re          , Gg          , Gg          , Gg          , Gg          , Gg          , Gg          , Gg          , Gg          , Gs^Fp       , Gs^Fp       , Gs^Fp       
Gs^Fp       ,Gs^Fp       , Gs^Fp       , Gs^Fp       , Gs^Fp       , Gg          , Gg          , Gg          , Gg          , Gg          , Gg          , Re          , Gg          , Gg          , Gg          , Gg          , Gg          , Gg          , Gg          , Gg          , Gs^Fp       , Gs^Fp       , Gs^Fp       
Gs^Fp       ,Gs^Fp       , Gs^Fp       , Gs^Fp       , Gg          , Gg          , Gg          , Gg          , Gg          , Gg          , Gg          , Re          , Gg          , Gg          , Gg          , Gg          , Gg          , Gg          , Gg          , Gg          , Gg          , Gg          , Gg          
Gs^Fp       ,Gs^Fp       , Gg          , Gg          , Gg          , Gg          , Gg          , Gg          , Gg          , Gg          , Gg          , Gg          , Gg          , Gg          , Gg          , Gg          , Gg          , Gg          , Gg          , Gg          , Gg          , Gg          , Gg          
Gs^Fp       ,Gs^Fp       , Gg          , Gg          , Gg          , Gg          , Chr         , Gg          , Chr         , Gg          , Chr         , Khr         , Chr         , Gg          , Chr         , Gg          , Chr         , Gg          , Gg          , Gg          , Gg          , Gg          , Gg          
Gs^Fp       ,Gs^Fp       , Gs^Fp       , Gg          , Gg          , Gg          , Ss          , Chs         , Ss          , Chs         , Ss          , Chs         , Ss          , Chs         , Ss          , Chs         , Ss          , Gg          , Gg          , Gg          , Gg          , Gg          , Gg          
Gs^Fp       ,Gs^Fp       , Gs^Fp       , Gg          , Chr         , Ss          , Ss^Vhs      , Ss          , Ss^Vhs      , Ss          , Ss^Vhs      , Ss          , Ss^Vhs      , Ss          , Ss^Vhs      , Ss          , Ss^Vhs      , Ss          , Chr         , Gg          , Gg          , Gg          , Gg          
Gs^Fp       ,Gs^Fp       , Gg          , Gg          , Chs         , Ss          , Ss          , Ss          , Ss          , Ss          , Ss          , Ss          , Ss          , Ss          , Ss          , Ss          , Ss          , Ss          , Chs         , Gg          , Gg          , Gg          , Gg          
Gs^Fp       ,Gs^Fp       , Gg          , Gg          , Chr         , Ss          , Ss^Vhs      , Ss          , Ss^Vhs      , Ss          , Ss^Vhs      , Ss          , Ss^Vhs      , Ss          , Ss^Vhs      , Ss          , Ss^Vhs      , Ss          , Chr         , Gg          , Gg          , Gg          , Gg          
Gs^Fp       ,Gs^Fp       , Gg          , Gg          , Chs         , Ss          , Ss          , Ss          , Ss          , Ss          , Ss          , Ss          , Ss          , Ss          , Ss          , Ss          , Ss          , Ss          , Chs         , Gg          , Gg          , Gg          , Gg          
Gs^Fp       ,Gs^Fp       , Gg          , Gg          , Chr         , Ss          , Ss^Vhs      , Ss          , Ss^Vhs      , Ss          , Ss^Vhs      , Ss          , Ss^Vhs      , Ss          , Ss^Vhs      , Ss          , Ss^Vhs      , Ss          , Chr         , Gg          , Gg          , Gg          , Gg          
Gs^Fp       ,Gs^Fp       , Gg          , Gg          , Chs         , Ss          , Ss          , Ss          , Ss          , Ss          , Ss          , Ss          , Ss          , Ss          , Ss          , Ss          , Ss          , Ss          , Chs         , Gg          , Gg          , Gg          , Gg          
Gs^Fp       ,Gs^Fp       , Gg          , Khr         , Chr         , Ss          , Ss^Vhs      , Ss          , Ss^Vhs      , Ss          , Ss^Vhs      , Ss          , Ss^Vhs      , Ss          , Ss^Vhs      , Ss          , Ss^Vhs      , Ss          , Chr         , Khr         , Gg          , Gs^Fp       , Gs^Fp       
Gg          ,Gg          , Gg          , Gg          , Chs         , Ss          , Ss          , Ss          , Ss          , Ss          , Ss          , Ss          , Ss          , Ss          , Ss          , Ss          , Ss          , Ss          , Chs         , Gg          , Gg          , Gs^Fp       , Gs^Fp       
Gg          ,Gg          , Gg          , Gg          , Chr         , Ss          , Ss^Vhs      , Ss          , Ss^Vhs      , Ss          , Ss^Vhs      , Ss          , Ss^Vhs      , Ss          , Ss^Vhs      , Ss          , Ss^Vhs      , Ss          , Chr         , Gg          , Gg          , Gs^Fp       , Gs^Fp       
Gg          ,Gg          , Gg          , Gg          , Chs         , Ss          , Ss          , Ss          , Ss          , Ss          , Ss          , Ss          , Ss          , Ss          , Ss          , Ss          , Ss          , Ss          , Chs         , Gg          , Gg          , Gs^Fp       , Gs^Fp       
Gg          ,Gg          , Gg          , Gg          , Chr         , Ss          , Ss^Vhs      , Ss          , Ss^Vhs      , Ss          , Ss^Vhs      , Ss          , Ss^Vhs      , Ss          , Ss^Vhs      , Ss          , Ss^Vhs      , Ss          , Chr         , Gg          , Gs^Fp       , Gs^Fp       , Gs^Fp       
Gg          ,Gg          , Gg          , Gg          , Gg          , Ss          , Ss          , Ss          , Ss          , Ss          , Ss          , Ss          , Ss          , Ss          , Ss          , Ss          , Ss          , Ss          , Gg          , Gg          , Gs^Fp       , Gs^Fp       , Gs^Fp       
Ds          ,Ds          , Ds          , Gg          , Gg          , Gg          , Chr         , Chs         , Chr         , Chs         , Chr         , Chs         , Chr         , Chs         , Chr         , Chs         , Chr         , Gg          , Gg          , Gg          , Gs^Fp       , Gs^Fp       , Gs^Fp       
Wo          ,Wo          , Ds          , Gg          , Gg          , Gg          , Gg          , Gg          , Gg          , Gg          , Gg          , Khr         , Gg          , Gg          , Gg          , Gg          , Gg          , Gg          , Gg          , Gg          , Gs^Fp       , Gs^Fp       , Gs^Fp       
Wo          ,Wo          , Wo          , Ds          , Ds          , Gg          , Ds          , Gg          , Gg          , Gg          , Gg          , Gg          , Gg          , Gg          , Gg          , Gg          , Gg          , Gg          , Gs^Fp       , Gs^Fp       , Gs^Fp       , Gs^Fp       , Gs^Fp       
Wo          ,Wo          , Wo          , Wo          , Wo          , Ds          , Wo          , Ds          , Wo          , Gg          , Gg          , Gg          , Gg          , Gg          , Gg          , Gg          , Gs^Fp       , Gs^Fp       , Gs^Fp       , Gs^Fp       , Gs^Fp       , Gs^Fp       , Gs^Fp       
Wo          ,Wo          , Wo          , Wo          , Wo          , Ds          , Wo          , Ds          , Wo          , Gg          , Gg          , Gg          , Gg          , Gg          , Gg          , Gg          , Gs^Fp       , Gs^Fp       , Gs^Fp       , Gs^Fp       , Gs^Fp       , Gs^Fp       , Gs^Fp       
