border_size=1
usage=map

Wo          ,Wo          , Dd          , Dd          , Dd          , Dd          , Dd          , Gg          , Gs^Fp       , Gg          , Gs^Fp       , Gs^Fp       , Gs^Fp       , Gs^Fp       , Gg          , Gg          , Gg          , Gg          , Gg          , Re          , Gg          , Gg          
Wo          ,Wo          , Dd          , Dd          , Dd          , Dd          , Dd          , Gg          , Gs^Fp       , Gg          , Gs^Fp       , Gs^Fp       , Gs^Fp       , Gs^Fp       , Gg          , Gg          , Gg          , Gg          , Gg          , Re          , Gg          , Gg          
Wo          ,Wo          , Dd          , Dd          , Dd          , Dd          , Dd          , Gg          , Gs^Fp       , Gg          , Gs^Fp       , Gs^Fp       , Gs^Fp       , Gs^Fp       , Gg          , Gg          , Gg          , Gg          , Re          , Re          , Gg          , Gg          
Ww          ,Ww          , Dd          , Dd          , Dd          , Dd^Vda      , Dd          , Gg          , Gg          , Gs^Fp       , Gg          , Gs^Fp       , Gs^Fp       , Gg          , Gg          , Gg          , Re          , Re          , Gg          , Gg          , Gg          , Gg          
Wo          ,Wo          , Ww^Bw/      , Dd          , Dd          , Dd          , Dd          , Dd          , Dd          , Gg          , Gg          , Gg          , Gg          , Gg          , Re          , Re          , Gg          , Gg          , Gg          , Gg          , Gg          , Gg          
Wo          ,Wo          , Wo          , Dd          , Ww          , Dd          , Dd          , Dd          , Dd^Vda      , Dd          , Dd          , Gg          , Re          , Re          , Gg          , Gg          , Gg          , Gg          , Gg          , Gg          , Gg          , Gg          
Wo          ,Wo          , Wo          , Wo          , Dd          , Dd          , Dd          , Dd          , Dd          , Dd          , Dd          , Re          , Gg          , Gg          , Gg          , Gg          , Gg          , Ggf         , Ggf         , Gg          , Gg          , Gg          
Wo          ,Wo          , Wo          , Ww^Bw/      , Dd          , Dd          , Dd          , Dd          , Dd          , Dd          , Dd          , Dd          , Dd          , Gg          , Gg          , Gg          , Gg          , Ggf         , Gg          , Gg          , Gs^Fp       , Gs^Fp       
Wo          ,Wo          , Wo          , Wo          , Ww          , Dd          , Dd          , Dd          , Dd          , Dd          , Dd          , Dd^Vda      , Dd          , Dd          , Gg          , Gg          , Gs^Fp       , Gg          , Gs^Fp       , Gg          , Gs^Fp       , Gs^Fp       
Wo          ,Wo          , Wo          , Wo          , Ww^Bw/      , Dd          , Dd          , Dd          , Dd          , Dd          , Dd          , Dd          , Dd          , Dd          , Dd          , Gg          , Gg          , Gs^Fp       , Gs^Fp       , Gg          , Gg          , Gg          
Wo          ,Wo          , Wo          , Wo          , Wo          , Dd          , Ww          , Dd          , Dd          , Dd          , Dd          , Dd          , Dd          , Dd          , Dd          , Gg          , Gg          , Gg          , Gs^Fp       , Gs^Fp       , Gs^Fp       , Gs^Fp       
Wo          ,Wo          , Wo          , Wo          , Wo          , Wo          , Wo          , Ww          , Dd          , Dd          , Dd          , Dd          , Dd          , Dd^Vda      , Dd          , Dd          , Gg          , Gg          , Gs^Fp       , Gs^Fp       , Gg          , Gg          
Wo          ,Wo          , Wo          , Wo          , Wo          , Wo          , Wo          , Ww^Bw/      , Dd          , Dd          , Dd          , Dd          , Dd          , Dd          , Dd          , Dd          , Dd          , Gg          , Gg          , Gs^Fp       , Gg          , Gg          
Wo          ,Wo          , Wo          , Wo          , Wo          , Wo          , Wo          , Wo          , Dd          , Dd          , Dd          , Dd          , Dd          , Dd          , Dd          , Dd          , Dd^Vda      , Dd          , Gg          , Gs^Fp       , Gs^Fp       , Gs^Fp       
Wo          ,Wo          , Wo          , Wo          , Wo          , Wo          , Wo          , Ww^Bw/      , Dd          , Dd          , Dd          , Dd          , Dd          , Dd          , Dd          , Dd          , Dd          , Dd          , Dd          , Gg          , Gg          , Gg          
Wo          ,Wo          , Wo          , Wo          , Wo          , Wo          , Wo          , Ww          , Dd          , Dd          , Dd          , Dd          , Dd          , Dd          , Dd          , Dd          , Dd          , Dd          , Dd          , Dd          , Dd          , Dd          
Wo          ,Wo          , Wo          , Wo          , Wo          , Wo          , Wo          , Ww^Bw/      , Dd          , Dd          , Dd          , Dd          , Dd          , Dd          , Dd          , Dd          , Dd          , Dd          , Dd          , Dd^Vda      , Dd          , Dd          
Wo          ,Wo          , Wo          , Wo          , Wo          , Wo          , Wo          , Ww          , Wo          , Dd          , Ww          , Dd          , Dd          , Dd          , Dd          , Dd          , Dd          , Dd          , Dd          , Dd          , Dd          , Dd          
Wo          ,Wo          , Wo          , Wo          , Wo          , Wo          , Wo          , Wo          , Wo          , Wo          , Dd          , Ww          , Dd          , Dd          , Dd          , Dd          , Dd          , Dd          , Dd          , Dd          , Dd          , Dd          
Wo          ,Wo          , Wo          , Wo          , Wo          , Wo          , Wo          , Wo          , Ww          , Dd          , Dd          , Dd          , Dd          , Dd          , Dd          , Dd          , Dd          , Dd          , Dd          , Dd          , Dd          , Dd          
Wo          ,Wo          , Wo          , Wo          , Wo          , Wo          , Wo          , Wo          , Wo          , Ww          , Dd          , Dd          , Dd          , Dd          , Dd          , Dd          , Dd          , Dd          , Dd          , Dd          , Dd          , Dd          
Wo          ,Wo          , Wo          , Wo          , Wo          , Wo          , Wo          , Wo          , Wo          , Ww          , Dd          , Dd          , Dd          , Dd          , Dd          , Dd          , Dd          , Dd          , Dd          , Dd          , Dd          , Dd          
